2026-06-26 07:11:06.558 +07:00 [INF] Now listening on: http://localhost:5158
2026-06-26 07:11:06.623 +07:00 [INF] Application started. Press Ctrl+C to shut down.
2026-06-26 07:11:06.626 +07:00 [INF] Hosting environment: Development
2026-06-26 07:11:06.628 +07:00 [INF] Content root path: D:\Git\MycoMate\MycoMate.Api
2026-06-26 07:11:47.533 +07:00 [WRN] Failed to determine the https port for redirect.
2026-06-26 07:20:50.579 +07:00 [INF] Now listening on: http://localhost:5158
2026-06-26 07:20:50.637 +07:00 [INF] Application started. Press Ctrl+C to shut down.
2026-06-26 07:20:50.640 +07:00 [INF] Hosting environment: Development
2026-06-26 07:20:50.646 +07:00 [INF] Content root path: D:\Git\MycoMate\MycoMate.Api
2026-06-26 07:22:13.937 +07:00 [WRN] Failed to determine the https port for redirect.
2026-06-26 07:33:45.482 +07:00 [INF] Now listening on: http://localhost:5158
2026-06-26 07:33:45.540 +07:00 [INF] Application started. Press Ctrl+C to shut down.
2026-06-26 07:33:45.543 +07:00 [INF] Hosting environment: Development
2026-06-26 07:33:45.545 +07:00 [INF] Content root path: D:\Git\MycoMate\MycoMate.Api
2026-06-26 07:33:50.166 +07:00 [WRN] Failed to determine the https port for redirect.
2026-06-26 08:07:13.877 +07:00 [INF] Now listening on: http://localhost:5158
2026-06-26 08:07:13.971 +07:00 [INF] Application started. Press Ctrl+C to shut down.
2026-06-26 08:07:13.973 +07:00 [INF] Hosting environment: Development
2026-06-26 08:07:13.976 +07:00 [INF] Content root path: D:\Git\MycoMate\MycoMate.Api
2026-06-26 08:07:13.997 +07:00 [WRN] Failed to determine the https port for redirect.
2026-06-26 08:20:28.686 +07:00 [INF] Now listening on: http://localhost:5158
2026-06-26 08:20:28.745 +07:00 [INF] Application started. Press Ctrl+C to shut down.
2026-06-26 08:20:28.747 +07:00 [INF] Hosting environment: Development
2026-06-26 08:20:28.750 +07:00 [INF] Content root path: D:\Git\MycoMate\MycoMate.Api
2026-06-26 08:20:28.829 +07:00 [WRN] Failed to determine the https port for redirect.
2026-06-26 08:20:29.662 +07:00 [ERR] An unhandled exception has occurred while executing the request.
System.InvalidOperationException: OpenApiComponents.SecuritySchemes is null
   at Program.<>c.<<Main>$>b__0_5(OpenApiDocument document, OpenApiDocumentTransformerContext context, CancellationToken ct) in D:\Git\MycoMate\MycoMate.Api\Program.cs:line 26
   at Microsoft.AspNetCore.OpenApi.DelegateOpenApiDocumentTransformer.TransformAsync(OpenApiDocument document, OpenApiDocumentTransformerContext context, CancellationToken cancellationToken)
   at Microsoft.AspNetCore.OpenApi.OpenApiDocumentService.ApplyTransformersAsync(OpenApiDocument document, IServiceProvider scopedServiceProvider, IOpenApiSchemaTransformer[] schemaTransformers, CancellationToken cancellationToken)
   at Microsoft.AspNetCore.OpenApi.OpenApiDocumentService.GetOpenApiDocumentAsync(IServiceProvider scopedServiceProvider, HttpRequest httpRequest, CancellationToken cancellationToken)
   at Microsoft.AspNetCore.OpenApi.OpenApiDocumentService.GetOpenApiDocumentAsync(IServiceProvider scopedServiceProvider, HttpRequest httpRequest, CancellationToken cancellationToken)
   at Microsoft.AspNetCore.Builder.OpenApiEndpointRouteBuilderExtensions.<>c__DisplayClass0_0.<<MapOpenApi>b__0>d.MoveNext()
--- End of stack trace from previous location ---
   at Microsoft.AspNetCore.Http.Generated.<GeneratedRouteBuilderExtensions_g>F0399B8B15BE443123F4BECEE84B112C1912EE3F44D9DDD7BFA38E371FB917343__GeneratedRouteBuilderExtensionsCore.<>c__DisplayClass2_0.<<MapGet0>g__RequestHandler|5>d.MoveNext()
--- End of stack trace from previous location ---
   at Microsoft.AspNetCore.Authorization.AuthorizationMiddleware.Invoke(HttpContext context)
   at Microsoft.AspNetCore.Authentication.AuthenticationMiddleware.Invoke(HttpContext context)
   at Microsoft.AspNetCore.Diagnostics.DeveloperExceptionPageMiddlewareImpl.Invoke(HttpContext context)
2026-06-26 08:21:31.592 +07:00 [INF] Now listening on: http://localhost:5158
2026-06-26 08:21:31.651 +07:00 [INF] Application started. Press Ctrl+C to shut down.
2026-06-26 08:21:31.654 +07:00 [INF] Hosting environment: Development
2026-06-26 08:21:31.656 +07:00 [INF] Content root path: D:\Git\MycoMate\MycoMate.Api
2026-06-26 08:21:31.751 +07:00 [WRN] Failed to determine the https port for redirect.
